<html>
<body>
<pre>
<h1>µVision Build Log</h1>
<h2>Project:</h2>
C:\Users\cloud\Documents\ali\ali\MDK-ARM\ali.uvprojx
Project File Date:  06/27/2020

<h2>Output:</h2>
Build target 'ali'
compiling stm32l4xx_hal_flash.c...
linking...
ali\ali.axf: Warning: L6304W: Duplicate input file ali\system_stm32l4xx.o ignored.
Program Size: Code=6096 RO-data=15156 RW-data=316 ZI-data=2212  
Finished: 0 information, 1 warning and 0 error messages.
FromELF: creating hex file...
After Build - User command #1: fromelf --bin -o "ali\ali.bin" "ali\ali.axf"
"ali\ali.axf" - 0 Error(s), 1 Warning(s).

<h2>Software Packages used:</h2>

Package Vendor: ARM
                http://www.keil.com/pack/ARM.CMSIS.3.20.3.pack
                ARM::CMSIS:CORE:3.20.0
                Cortex Microcontroller Software Interface Standard (CMSIS) CORE, DSP, RTOS, Driver
   * Component: CORE Version: 3.20.0

<h2>Collection of Component include folders:</h2>
  C:\Users\cloud\Documents\ali\ali\MDK-ARM\RTE
  C:\Keil\ARM\PACK\ARM\CMSIS\3.20.3\CMSIS\Include\

<h2>Collection of Component Files used:</h2>

   * Component: ARM::CMSIS:CORE:3.20.0
4xx_hal_cortex.c...
compiling stm32l4xx_hal_exti.c...
compiling stm32l4xx_hal_tim.c...
compiling stm32l4xx_hal_tim_ex.c...
compiling system_stm32l4xx.c...
linking...
ali\ali.axf: Warning: L6304W: Duplicate input file ali\system_stm32l4xx.o ignored.
Program Size: Code=6096 RO-data=15156 RW-data=316 ZI-data=2212  
Finished: 0 information, 1 warning and 0 error messages.
FromELF: creating hex file...
"ali\ali.axf" - 0 Error(s), 2 Warning(s).

<h2>Software Packages used:</h2>

Package Vendor: ARM
                http://www.keil.com/pack/ARM.CMSIS.3.20.3.pack
                ARM::CMSIS:CORE:3.20.0
                Cortex Microcontroller Software Interface Standard (CMSIS) CORE, DSP, RTOS, Driver
   * Component: CORE Version: 3.20.0

<h2>Collection of Component include folders:</h2>
  C:\Users\cloud\Documents\ali\ali\MDK-ARM\RTE
  C:\Keil\ARM\PACK\ARM\CMSIS\3.20.3\CMSIS\Include\

<h2>Collection of Component Files used:</h2>

   * Component: ARM::CMSIS:CORE:3.20.0
                     .CacheToReactivate = FLASH_CACHE_DISABLED};
../Drivers/STM32L4xx_HAL_Driver/Src/stm32l4xx_hal_flash.c: 0 warnings, 8 errors
compiling stm32l4xx_hal_flash_ex.c...
compiling stm32l4xx_hal_flash_ramfunc.c...
compiling stm32l4xx_hal_gpio.c...
compiling stm32l4xx_hal_dma.c...
compiling stm32l4xx_hal_dma_ex.c...
compiling stm32l4xx_hal_pwr.c...
compiling stm32l4xx_hal_pwr_ex.c...
compiling stm32l4xx_hal_cortex.c...
compiling stm32l4xx_hal_exti.c...
compiling stm32l4xx_hal_tim.c...
compiling stm32l4xx_hal_tim_ex.c...
compiling system_stm32l4xx.c...
"ali\ali.axf" - 8 Error(s), 1 Warning(s).

<h2>Software Packages used:</h2>

Package Vendor: ARM
                http://www.keil.com/pack/ARM.CMSIS.3.20.3.pack
                ARM::CMSIS:CORE:3.20.0
                Cortex Microcontroller Software Interface Standard (CMSIS) CORE, DSP, RTOS, Driver
   * Component: CORE Version: 3.20.0

<h2>Collection of Component include folders:</h2>
  C:\Users\cloud\Documents\ali\ali\MDK-ARM\RTE
  C:\Keil\ARM\PACK\ARM\CMSIS\3.20.3\CMSIS\Include\

<h2>Collection of Component Files used:</h2>

   * Component: ARM::CMSIS:CORE:3.20.0
Target not created
