<html>
<body>
<pre>
<h1>µVision Build Log</h1>
<h2>Project:</h2>
C:\Users\cloud\Documents\LIS3DH\led\MDK-ARM\led.uvprojx
Project File Date:  05/31/2020

<h2>Output:</h2>
Build target 'led'
linking...
Program Size: Code=2548 RO-data=284 RW-data=16 ZI-data=1024  
FromELF: creating hex file...
"led\led.axf" - 0 Error(s), 0 Warning(s).

<h2>Software Packages used:</h2>

Package Vendor: ARM
                http://www.keil.com/pack/ARM.CMSIS.3.20.3.pack
                ARM::CMSIS:CORE:3.20.0
                Cortex Microcontroller Software Interface Standard (CMSIS) CORE, DSP, RTOS, Driver
   * Component: CORE Version: 3.20.0

<h2>Collection of Component include folders:</h2>
  C:\Users\cloud\Documents\LIS3DH\led\MDK-ARM\RTE
  C:\Keil\ARM\PACK\ARM\CMSIS\3.20.3\CMSIS\Include\

<h2>Collection of Component Files used:</h2>

   * Component: ARM::CMSIS:CORE:3.20.0
</pre>
</body>
</html>
 of Component Files used:</h2>

   * Component: ARM::CMSIS:CORE:3.20.0
